// Jest Snapshot v1, https://goo.gl/fbAQLP

exports[`matches snapshot 1`] = `
<DocumentFragment>
  <div>
    <form
      class="slider custom-labels container"
    >
      <h4>
        How much meat, fish, eggs does the average person in your household eat?
      </h4>
      <div
        aria-orientation="horizontal"
        aria-valuemax="1086"
        aria-valuemin="0"
        aria-valuenow="0"
        class="rangeslider rangeslider-horizontal"
      >
        <div
          class="rangeslider__fill"
          style="width: 0px;"
        />
        <div
          class="rangeslider__handle"
          style="left: 0px;"
          tabindex="0"
        >
          <div
            class="rangeslider__handle-label"
          />
        </div>
        <ul
          class="rangeslider__labels"
        >
          <li
            class="rangeslider__label-item"
            data-value="1086"
            style="left: 0px;"
          >
            3x
          </li>
          <li
            class="rangeslider__label-item"
            data-value="724"
            style="left: 0px;"
          >
             2x
          </li>
          <li
            class="rangeslider__label-item"
            data-value="362"
            style="left: 0px;"
          >
            Average
          </li>
          <li
            class="rangeslider__label-item"
            data-value="0"
            style="left: 0px;"
          >
            0
          </li>
        </ul>
      </div>
      <button
        class="btn btn-success mt-3"
      >
        Get results
      </button>
    </form>
  </div>
</DocumentFragment>
`;
