// Jest Snapshot v1, https://goo.gl/fbAQLP

exports[`matches snapshot 1`] = `
<DocumentFragment>
  <div
    class="User-result"
  >
    <h2
      class=" User-result-text text-center container"
    >
      Saved Results
    </h2>
    <p
      class="text-center"
    >
       No saved results! 
    </p>
  </div>
</DocumentFragment>
`;
