// Jest Snapshot v1, https://goo.gl/fbAQLP

exports[`matches snapshot 1`] = `
<DocumentFragment>
  <div
    class="HouseformForm "
  >
    <form
      class="container"
    >
      <div
        class="form-group"
      >
        <h4>
          How many people live in your household?
        </h4>
        <div
          aria-orientation="horizontal"
          aria-valuemax="5"
          aria-valuemin="1"
          aria-valuenow="1"
          class="rangeslider rangeslider-horizontal"
        >
          <div
            class="rangeslider__fill"
            style="width: 0px;"
          />
          <div
            class="rangeslider__handle"
            style="left: 0px;"
            tabindex="0"
          >
            <div
              class="rangeslider__handle-label"
            />
          </div>
          <ul
            class="rangeslider__labels"
          >
            <li
              class="rangeslider__label-item"
              data-value="5"
              style="left: 0px;"
            >
              5+
            </li>
            <li
              class="rangeslider__label-item"
              data-value="4"
              style="left: 0px;"
            >
              4
            </li>
            <li
              class="rangeslider__label-item"
              data-value="3"
              style="left: 0px;"
            >
              3
            </li>
            <li
              class="rangeslider__label-item"
              data-value="2"
              style="left: 0px;"
            >
              2
            </li>
            <li
              class="rangeslider__label-item"
              data-value="1"
              style="left: 0px;"
            >
              1
            </li>
          </ul>
        </div>
      </div>
      <button
        class="btn btn-success mt-4"
      >
        Next
      </button>
    </form>
  </div>
</DocumentFragment>
`;
