// Jest Snapshot v1, https://goo.gl/fbAQLP

exports[`matches snapshot 1`] = `
<DocumentFragment>
  <div
    class="Results"
  >
    <h2
      class="text-center mt-1"
    >
      Results page
    </h2>
    <div
      class="Results-display"
    >
      <br />
      <div
        class="figures-display"
      >
        <div
          class="row"
        >
          <div
            class="col-md"
          >
            <div
              class="figures"
            >
              <div
                class="figures-total"
              >
                12
              </div>
              <div
                class="figures-text text-right"
              >
                Your Carbon Footprint (CO2 emissions/year)
              </div>
            </div>
            <hr />
            <div
              class="figures"
            >
              <div
                class="figures-num"
              >
                3
              </div>
              <div
                class="figures-text"
              >
                Food
              </div>
            </div>
            <div
              class="figures"
            >
              <div
                class="figures-num"
              >
                4
              </div>
              <div
                class="figures-text"
              >
                Housing
              </div>
            </div>
            <div
              class="figures"
            >
              <div
                class="figures-num"
              >
                5
              </div>
              <div
                class="figures-text"
              >
                Transport
              </div>
            </div>
          </div>
          <div
            class="col-md graph"
          >
            <div
              class="rv-xy-plot "
              style="width: 300px; height: 300px;"
            >
              <svg
                class="rv-xy-plot__inner"
                height="300"
                width="300"
              >
                <g
                  class="rv-xy-plot__series rv-xy-plot__series--bar "
                  transform="translate(40,10)"
                >
                  <rect
                    height="150"
                    style="opacity: 1; stroke: #CADFB6; fill: #CADFB6;"
                    width="70.83333333333333"
                    x="6.250000000000007"
                    y="100"
                  />
                  <rect
                    height="200"
                    style="opacity: 1; stroke: #CADFB6; fill: #CADFB6;"
                    width="70.83333333333333"
                    x="89.58333333333334"
                    y="49.999999999999986"
                  />
                  <rect
                    height="250"
                    style="opacity: 1; stroke: #CADFB6; fill: #CADFB6;"
                    width="70.83333333333333"
                    x="172.91666666666666"
                    y="0"
                  />
                </g>
                <g
                  class="rv-xy-plot__axis rv-xy-plot__axis--horizontal "
                  transform="translate(40,260)"
                >
                  <line
                    class="rv-xy-plot__axis__line"
                    x1="0"
                    x2="250"
                    y1="0"
                    y2="0"
                  />
                  <g
                    class="rv-xy-plot__axis__ticks"
                    transform="translate(0, 0)"
                  >
                    <g
                      class="rv-xy-plot__axis__tick"
                      transform="translate(41.66666666666667, 0)"
                    >
                      <line
                        class="rv-xy-plot__axis__tick__line"
                        x1="0"
                        x2="0"
                        y1="-6"
                        y2="6"
                      />
                      <text
                        class="rv-xy-plot__axis__tick__text"
                        dy="0.72em"
                        text-anchor="middle"
                        transform="translate(0, 14)"
                      >
                        food
                      </text>
                    </g>
                    <g
                      class="rv-xy-plot__axis__tick"
                      transform="translate(125, 0)"
                    >
                      <line
                        class="rv-xy-plot__axis__tick__line"
                        x1="0"
                        x2="0"
                        y1="-6"
                        y2="6"
                      />
                      <text
                        class="rv-xy-plot__axis__tick__text"
                        dy="0.72em"
                        text-anchor="middle"
                        transform="translate(0, 14)"
                      >
                        housing
                      </text>
                    </g>
                    <g
                      class="rv-xy-plot__axis__tick"
                      transform="translate(208.33333333333331, 0)"
                    >
                      <line
                        class="rv-xy-plot__axis__tick__line"
                        x1="0"
                        x2="0"
                        y1="-6"
                        y2="6"
                      />
                      <text
                        class="rv-xy-plot__axis__tick__text"
                        dy="0.72em"
                        text-anchor="middle"
                        transform="translate(0, 14)"
                      >
                        transport
                      </text>
                    </g>
                  </g>
                </g>
                <g
                  class="rv-xy-plot__axis rv-xy-plot__axis--vertical "
                  transform="translate(0,10)"
                >
                  <line
                    class="rv-xy-plot__axis__line"
                    x1="40"
                    x2="40"
                    y1="0"
                    y2="250"
                  />
                  <g
                    class="rv-xy-plot__axis__ticks"
                    transform="translate(40, 0)"
                  >
                    <g
                      class="rv-xy-plot__axis__tick"
                      transform="translate(0, 250)"
                    >
                      <line
                        class="rv-xy-plot__axis__tick__line"
                        x1="6"
                        x2="-6"
                        y1="0"
                        y2="0"
                      />
                      <text
                        class="rv-xy-plot__axis__tick__text"
                        dy="0.32em"
                        text-anchor="end"
                        transform="translate(-14, 0)"
                      >
                        0
                      </text>
                    </g>
                    <g
                      class="rv-xy-plot__axis__tick"
                      transform="translate(0, 200)"
                    >
                      <line
                        class="rv-xy-plot__axis__tick__line"
                        x1="6"
                        x2="-6"
                        y1="0"
                        y2="0"
                      />
                      <text
                        class="rv-xy-plot__axis__tick__text"
                        dy="0.32em"
                        text-anchor="end"
                        transform="translate(-14, 0)"
                      >
                        1
                      </text>
                    </g>
                    <g
                      class="rv-xy-plot__axis__tick"
                      transform="translate(0, 150)"
                    >
                      <line
                        class="rv-xy-plot__axis__tick__line"
                        x1="6"
                        x2="-6"
                        y1="0"
                        y2="0"
                      />
                      <text
                        class="rv-xy-plot__axis__tick__text"
                        dy="0.32em"
                        text-anchor="end"
                        transform="translate(-14, 0)"
                      >
                        2
                      </text>
                    </g>
                    <g
                      class="rv-xy-plot__axis__tick"
                      transform="translate(0, 100)"
                    >
                      <line
                        class="rv-xy-plot__axis__tick__line"
                        x1="6"
                        x2="-6"
                        y1="0"
                        y2="0"
                      />
                      <text
                        class="rv-xy-plot__axis__tick__text"
                        dy="0.32em"
                        text-anchor="end"
                        transform="translate(-14, 0)"
                      >
                        3
                      </text>
                    </g>
                    <g
                      class="rv-xy-plot__axis__tick"
                      transform="translate(0, 49.999999999999986)"
                    >
                      <line
                        class="rv-xy-plot__axis__tick__line"
                        x1="6"
                        x2="-6"
                        y1="0"
                        y2="0"
                      />
                      <text
                        class="rv-xy-plot__axis__tick__text"
                        dy="0.32em"
                        text-anchor="end"
                        transform="translate(-14, 0)"
                      >
                        4
                      </text>
                    </g>
                    <g
                      class="rv-xy-plot__axis__tick"
                      transform="translate(0, 0)"
                    >
                      <line
                        class="rv-xy-plot__axis__tick__line"
                        x1="6"
                        x2="-6"
                        y1="0"
                        y2="0"
                      />
                      <text
                        class="rv-xy-plot__axis__tick__text"
                        dy="0.32em"
                        text-anchor="end"
                        transform="translate(-14, 0)"
                      >
                        5
                      </text>
                    </g>
                  </g>
                </g>
              </svg>
            </div>
          </div>
        </div>
        <div
          class="d-flex justify-content-center figures-btn"
        >
          <button
            class="btn btn-primary result-btn"
          >
            Save Results
          </button>
          <a
            class="btn btn-warning result-btn ml-2"
            href="/take-action"
          >
            Take Action
          </a>
        </div>
      </div>
    </div>
  </div>
</DocumentFragment>
`;
