// Jest Snapshot v1, https://goo.gl/fbAQLP

exports[`matches snapshot 1`] = `
<DocumentFragment>
  <div
    class="Signup"
  >
    <form
      class="signUpForm container"
    >
      <div
        class="form-group"
      >
        <label
          for="username"
        >
          Username
        </label>
        <input
          class="form-control"
          id="username"
          name="username"
          required=""
          type="text"
          value=""
        />
      </div>
      <div
        class="form-group"
      >
        <label
          for="password"
        >
          Password
        </label>
        <input
          class="form-control"
          id="password"
          minlength="5"
          name="password"
          required=""
          type="password"
          value=""
        />
      </div>
      <div
        class="form-group"
      >
        <label
          for="email"
        >
          Email
        </label>
        <input
          class="form-control"
          id="email"
          name="email"
          required=""
          type="email"
          value=""
        />
      </div>
      <button
        class="btn btn-primary btn-block"
      >
        Sign Up
      </button>
    </form>
  </div>
</DocumentFragment>
`;
